{
  "timestamp": "2026-03-24 09:35:50.531792",
  "device_info": {
    "serial_number": "ACYAP1QwUBcgOTNO",
    "model": "0",
    "git_hash": "0000000000000000000000000000000000000000",
    "git_dirty": true,
    "git_timestamp": 0,
    "uuid": "bc7f1de7-b47d-4058-964d-eb6296611879"
  },
  "calibration": {
    "invert": false,
    "phase_invert": true,
    "poles": 14,
    "offset": [
      -0.2795574994929972,
      -0.27167986676930067,
      -0.26949816452093056,
      -0.2733411324415105,
      -0.2736198803691584,
      -0.2754463263151978,
      -0.2768256533677899,
      -0.27491225700622807,
      -0.2612677587187791,
      -0.23857826928934847,
      -0.2164038504150451,
      -0.19704813106887864,
      -0.189639815706804,
      -0.18644077700808692,
      -0.19035539492103848,
      -0.19983760276276577,
      -0.19970531994235302,
      -0.19710779319674876,
      -0.19089052563331246,
      -0.18546253708961435,
      -0.17460953200585308,
      -0.17451093315989497,
      -0.17532079360284017,
      -0.18672762283136493,
      -0.19627393260451084,
      -0.19851656236514512,
      -0.19775563640241314,
      -0.1974223245752395,
      -0.19672596924531927,
      -0.18930903239551594,
      -0.1947704710875604,
      -0.20180107058384655,
      -0.21295026378339502,
      -0.223378446982271,
      -0.23540481876074149,
      -0.23586424648385287,
      -0.23637828019565307,
      -0.22611668533994075,
      -0.2124682766883649,
      -0.21088049064551964,
      -0.2112646677878294,
      -0.21499904788425198,
      -0.21921522958784595,
      -0.22494158222136532,
      -0.22464655094056693,
      -0.22201925014548016,
      -0.21502806612574624,
      -0.2067826707974349,
      -0.20649399093195095,
      -0.2114544867086467,
      -0.21817172489632677,
      -0.23266279842480522,
      -0.24022674247297085,
      -0.24223505375432872,
      -0.2395435771507462,
      -0.23817229752788638,
      -0.23333885972096402,
      -0.23141811262765893,
      -0.2360549361821706,
      -0.24465923327016734,
      -0.2645282695000008,
      -0.2792413645567886,
      -0.28443376787271696,
      -0.28578968366477914
    ],
    "fit_metric": 22.006223346268,
    "current_quality_factor": 87.89450700068825
  },
  "winding_resistance": 0.061405692498517045,
  "inductance": 2.2266942367694533e-05,
  "pid_dq_kp": 0.027981465024102585,
  "pid_dq_ki": 77.16466897677401,
  "torque_bw_hz": 200.0,
  "encoder_filter_bw_hz": 200.0,
  "encoder_filter_kp": 1013.4169850289654,
  "encoder_filter_ki": 256753.49638629958,
  "kv": 293.64624364661114,
  "unwrapped_position_scale": 1.0,
  "motor_position_output_sign": 1.0,
  "abi_version": 268,
  "voltage_mode_control": false,
  "py_version": "0.3.96"
}
