{
  "timestamp": "2025-11-14 18:40:20.352648",
  "device_info": {
    "serial_number": "ACYAP1QwUBcgOTNO",
    "model": "0",
    "git_hash": "0000000000000000000000000000000000000000",
    "git_dirty": true,
    "git_timestamp": 1763141611,
    "uuid": "bc7f1de7-b47d-4058-964d-eb6296611879"
  },
  "calibration": {
    "invert": false,
    "phase_invert": true,
    "poles": 14,
    "offset": [
      -0.21786314752364735,
      -0.2165153090713283,
      -0.2219738861707573,
      -0.23352581379322432,
      -0.23926196817263934,
      -0.24973184576265386,
      -0.2580831480441863,
      -0.26282581837743535,
      -0.26222004621989026,
      -0.2539565225752377,
      -0.24589146445925944,
      -0.2422606182035489,
      -0.24768923834343665,
      -0.2507296683160605,
      -0.26360254285125484,
      -0.27249778959693305,
      -0.2784269969027348,
      -0.2747310363095181,
      -0.27600812692430854,
      -0.27411482216631344,
      -0.2667044131398535,
      -0.26265037593132023,
      -0.2627488176498958,
      -0.2719285935755964,
      -0.2768093319923991,
      -0.27625964965591754,
      -0.271185204194802,
      -0.26526170463587906,
      -0.25653015263961426,
      -0.24771806657889806,
      -0.24432525317885806,
      -0.24157362266375917,
      -0.24338597823450894,
      -0.24398623988145765,
      -0.24281144002167854,
      -0.2422983064030853,
      -0.2352686408824447,
      -0.22265859235259813,
      -0.20562768689468475,
      -0.19928292399350783,
      -0.19721013002111806,
      -0.1921470514998332,
      -0.18956920451652065,
      -0.18577323681986274,
      -0.18135315651162806,
      -0.17437688750976924,
      -0.16474197059229576,
      -0.15725579712954524,
      -0.15511233559716028,
      -0.15816676672114116,
      -0.16293573816865836,
      -0.17316304692451648,
      -0.17506385737842656,
      -0.1749795294548268,
      -0.170555605382522,
      -0.16826936484803132,
      -0.16707296358821572,
      -0.1670680438333415,
      -0.1739767396212249,
      -0.18338863700788502,
      -0.19937963120471386,
      -0.21113748587843148,
      -0.21609050703003874,
      -0.2183168607993999
    ],
    "fit_metric": 21.2149434308755,
    "current_quality_factor": 92.76347451110081
  },
  "winding_resistance": 0.06118243785513852,
  "inductance": 1.8544091637757946e-05,
  "pid_dq_kp": 0.023303192822670512,
  "pid_dq_ki": 76.8841189177669,
  "torque_bw_hz": 200.0,
  "encoder_filter_bw_hz": 200.0,
  "encoder_filter_kp": 1013.4169850289654,
  "encoder_filter_ki": 256753.49638629958,
  "kv": 294.50847719617457,
  "unwrapped_position_scale": 1.0,
  "motor_position_output_sign": 1.0,
  "abi_version": 268,
  "voltage_mode_control": false,
  "py_version": "0.3.96"
}
